[
    Expression {
        kind: Block,
        values: [
            Identifier(
                "hey",
            ),
        ],
    },
    Expression {
        kind: Item,
        values: [
            Identifier(
                "hello",
            ),
            Text(
                "there",
            ),
        ],
    },
    Expression {
        kind: Item,
        values: [
            Identifier(
                "map",
            ),
            Expression(
                Expression {
                    kind: Item,
                    values: [
                        Identifier(
                            "hello",
                        ),
                        Expression(
                            Expression {
                                kind: Item,
                                values: [
                                    Identifier(
                                        "friend",
                                    ),
                                    Text(
                                        "bread",
                                    ),
                                ],
                            },
                        ),
                    ],
                },
            ),
            Expression(
                Expression {
                    kind: Item,
                    values: [
                        Identifier(
                            "hello",
                        ),
                        Expression(
                            Expression {
                                kind: Item,
                                values: [
                                    Identifier(
                                        "friend",
                                    ),
                                    Text(
                                        "lilac",
                                    ),
                                ],
                            },
                        ),
                    ],
                },
            ),
        ],
    },
    Expression {
        kind: List,
        values: [
            Number(
                "1",
            ),
            Number(
                "2",
            ),
            Number(
                "3",
            ),
        ],
    },
]
