[
    Expression {
        kind: Item,
        values: [],
    },
    Expression {
        kind: List,
        values: [],
    },
    Expression {
        kind: Block,
        values: [],
    },
    Expression {
        kind: Item,
        values: [
            Expression(
                Expression {
                    kind: List,
                    values: [
                        Expression(
                            Expression {
                                kind: Block,
                                values: [],
                            },
                        ),
                    ],
                },
            ),
        ],
    },
]
