[
    Expression {
        kind: Item,
        values: [
            Label(
                "label",
            ),
            Identifier(
                "foo",
            ),
        ],
    },
]
