[
    Expression {
        kind: Item,
        values: [
            Identifier(
                "hello",
            ),
        ],
    },
]
